[INFO ] wraparound test: message 0
[INFO ] wraparound test: message 1
[INFO ] wraparound test: message 2
[INFO ] wraparound test: message 3
[INFO ] wraparound test: message 4
[INFO ] wraparound test: message 5
[INFO ] wraparound test: message 6
[INFO ] wraparound test: message 7
[INFO ] wraparound test: message 8
[INFO ] wraparound test: message 9
[INFO ] wraparound test: message 10
[INFO ] wraparound test: message 11
[INFO ] wraparound test: message 12
[INFO ] wraparound test: message 13
[INFO ] wraparound test: message 14
[INFO ] wraparound test: message 15
[INFO ] wraparound test: message 16
[INFO ] wraparound test: message 17
[INFO ] wraparound test: message 18
[INFO ] wraparound test: message 19
[INFO ] wraparound test: message 20
[INFO ] wraparound test: message 21
[INFO ] wraparound test: message 22
[INFO ] wraparound test: message 23
[INFO ] wraparound test: message 24
[INFO ] wraparound test: message 25
[INFO ] wraparound test: message 26
[INFO ] wraparound test: message 27
[INFO ] wraparound test: message 28
[INFO ] wraparound test: message 29
[INFO ] wraparound test: message 30
[INFO ] wraparound test: message 31
[INFO ] wraparound test: message 32
[INFO ] wraparound test: message 33
[INFO ] wraparound test: message 34
[INFO ] wraparound test: message 35
[INFO ] wraparound test: message 36
[INFO ] wraparound test: message 37
[INFO ] wraparound test: message 38
[INFO ] wraparound test: message 39
[INFO ] wraparound test: message 40
[INFO ] wraparound test: message 41
[INFO ] wraparound test: message 42
[INFO ] wraparound test: message 43
[INFO ] wraparound test: message 44
[INFO ] wraparound test: message 45
[INFO ] wraparound test: message 46
[INFO ] wraparound test: message 47
[INFO ] wraparound test: message 48
[INFO ] wraparound test: message 49
[INFO ] wraparound test: message 50
[INFO ] wraparound test: message 51
[INFO ] wraparound test: message 52
[INFO ] wraparound test: message 53
[INFO ] wraparound test: message 54
[INFO ] wraparound test: message 55
[INFO ] wraparound test: message 56
[INFO ] wraparound test: message 57
[INFO ] wraparound test: message 58
[INFO ] wraparound test: message 59
[INFO ] wraparound test: message 60
[INFO ] wraparound test: message 61
[INFO ] wraparound test: message 62
[INFO ] wraparound test: message 63
[INFO ] wraparound test: message 64
[INFO ] wraparound test: message 65
[INFO ] wraparound test: message 66
[INFO ] wraparound test: message 67
[INFO ] wraparound test: message 68
[INFO ] wraparound test: message 69
[INFO ] wraparound test: message 70
[INFO ] wraparound test: message 71
[INFO ] wraparound test: message 72
[INFO ] wraparound test: message 73
[INFO ] wraparound test: message 74
[INFO ] wraparound test: message 75
[INFO ] wraparound test: message 76
[INFO ] wraparound test: message 77
[INFO ] wraparound test: message 78
[INFO ] wraparound test: message 79
[INFO ] wraparound test: message 80
[INFO ] wraparound test: message 81
[INFO ] wraparound test: message 82
[INFO ] wraparound test: message 83
[INFO ] wraparound test: message 84
[INFO ] wraparound test: message 85
[INFO ] wraparound test: message 86
[INFO ] wraparound test: message 87
[INFO ] wraparound test: message 88
[INFO ] wraparound test: message 89
[INFO ] wraparound test: message 90
[INFO ] wraparound test: message 91
[INFO ] wraparound test: message 92
[INFO ] wraparound test: message 93
[INFO ] wraparound test: message 94
[INFO ] wraparound test: message 95
[INFO ] wraparound test: message 96
[INFO ] wraparound test: message 97
[INFO ] wraparound test: message 98
[INFO ] wraparound test: message 99
[INFO ] wraparound test: message 100
[INFO ] wraparound test: message 101
[INFO ] wraparound test: message 102
[INFO ] wraparound test: message 103
[INFO ] wraparound test: message 104
[INFO ] wraparound test: message 105
[INFO ] wraparound test: message 106
[INFO ] wraparound test: message 107
[INFO ] wraparound test: message 108
[INFO ] wraparound test: message 109
[INFO ] wraparound test: message 110
[INFO ] wraparound test: message 111
[INFO ] wraparound test: message 112
[INFO ] wraparound test: message 113
[INFO ] wraparound test: message 114
[INFO ] wraparound test: message 115
[INFO ] wraparound test: message 116
[INFO ] wraparound test: message 117
[INFO ] wraparound test: message 118
[INFO ] wraparound test: message 119
[INFO ] wraparound test: message 120
[INFO ] wraparound test: message 121
[INFO ] wraparound test: message 122
[INFO ] wraparound test: message 123
[INFO ] wraparound test: message 124
[INFO ] wraparound test: message 125
[INFO ] wraparound test: message 126
[INFO ] wraparound test: message 127
[INFO ] wraparound test: message 128
[INFO ] wraparound test: message 129
[INFO ] wraparound test: message 130
[INFO ] wraparound test: message 131
[INFO ] wraparound test: message 132
[INFO ] wraparound test: message 133
[INFO ] wraparound test: message 134
[INFO ] wraparound test: message 135
[INFO ] wraparound test: message 136
[INFO ] wraparound test: message 137
[INFO ] wraparound test: message 138
[INFO ] wraparound test: message 139
[INFO ] wraparound test: message 140
[INFO ] wraparound test: message 141
[INFO ] wraparound test: message 142
[INFO ] wraparound test: message 143
[INFO ] wraparound test: message 144
[INFO ] wraparound test: message 145
[INFO ] wraparound test: message 146
[INFO ] wraparound test: message 147
[INFO ] wraparound test: message 148
[INFO ] wraparound test: message 149
[INFO ] wraparound test: message 150
[INFO ] wraparound test: message 151
[INFO ] wraparound test: message 152
[INFO ] wraparound test: message 153
[INFO ] wraparound test: message 154
[INFO ] wraparound test: message 155
[INFO ] wraparound test: message 156
[INFO ] wraparound test: message 157
[INFO ] wraparound test: message 158
[INFO ] wraparound test: message 159
[INFO ] wraparound test: message 160
[INFO ] wraparound test: message 161
[INFO ] wraparound test: message 162
[INFO ] wraparound test: message 163
[INFO ] wraparound test: message 164
[INFO ] wraparound test: message 165
[INFO ] wraparound test: message 166
[INFO ] wraparound test: message 167
[INFO ] wraparound test: message 168
[INFO ] wraparound test: message 169
[INFO ] wraparound test: message 170
[INFO ] wraparound test: message 171
[INFO ] wraparound test: message 172
[INFO ] wraparound test: message 173
[INFO ] wraparound test: message 174
[INFO ] wraparound test: message 175
[INFO ] wraparound test: message 176
[INFO ] wraparound test: message 177
[INFO ] wraparound test: message 178
[INFO ] wraparound test: message 179
[INFO ] wraparound test: message 180
[INFO ] wraparound test: message 181
[INFO ] wraparound test: message 182
[INFO ] wraparound test: message 183
[INFO ] wraparound test: message 184
[INFO ] wraparound test: message 185
[INFO ] wraparound test: message 186
[INFO ] wraparound test: message 187
[INFO ] wraparound test: message 188
[INFO ] wraparound test: message 189
[INFO ] wraparound test: message 190
[INFO ] wraparound test: message 191
[INFO ] wraparound test: message 192
[INFO ] wraparound test: message 193
[INFO ] wraparound test: message 194
[INFO ] wraparound test: message 195
[INFO ] wraparound test: message 196
[INFO ] wraparound test: message 197
[INFO ] wraparound test: message 198
[INFO ] wraparound test: message 199
[INFO ] wraparound test: message 200
[INFO ] wraparound test: message 201
[INFO ] wraparound test: message 202
[INFO ] wraparound test: message 203
[INFO ] wraparound test: message 204
[INFO ] wraparound test: message 205
[INFO ] wraparound test: message 206
[INFO ] wraparound test: message 207
[INFO ] wraparound test: message 208
[INFO ] wraparound test: message 209
[INFO ] wraparound test: message 210
[INFO ] wraparound test: message 211
[INFO ] wraparound test: message 212
[INFO ] wraparound test: message 213
[INFO ] wraparound test: message 214
[INFO ] wraparound test: message 215
[INFO ] wraparound test: message 216
[INFO ] wraparound test: message 217
[INFO ] wraparound test: message 218
[INFO ] wraparound test: message 219
[INFO ] wraparound test: message 220
[INFO ] wraparound test: message 221
[INFO ] wraparound test: message 222
[INFO ] wraparound test: message 223
[INFO ] wraparound test: message 224
[INFO ] wraparound test: message 225
[INFO ] wraparound test: message 226
[INFO ] wraparound test: message 227
[INFO ] wraparound test: message 228
[INFO ] wraparound test: message 229
[INFO ] wraparound test: message 230
[INFO ] wraparound test: message 231
[INFO ] wraparound test: message 232
[INFO ] wraparound test: message 233
[INFO ] wraparound test: message 234
[INFO ] wraparound test: message 235
[INFO ] wraparound test: message 236
[INFO ] wraparound test: message 237
[INFO ] wraparound test: message 238
[INFO ] wraparound test: message 239
[INFO ] wraparound test: message 240
[INFO ] wraparound test: message 241
[INFO ] wraparound test: message 242
[INFO ] wraparound test: message 243
[INFO ] wraparound test: message 244
[INFO ] wraparound test: message 245
[INFO ] wraparound test: message 246
[INFO ] wraparound test: message 247
[INFO ] wraparound test: message 248
[INFO ] wraparound test: message 249
[INFO ] wraparound test: message 250
[INFO ] wraparound test: message 251
[INFO ] wraparound test: message 252
[INFO ] wraparound test: message 253
[INFO ] wraparound test: message 254
[INFO ] wraparound test: message 255
[INFO ] wraparound test: message 256
[INFO ] wraparound test: message 257
[INFO ] wraparound test: message 258
[INFO ] wraparound test: message 259
[INFO ] wraparound test: message 260
[INFO ] wraparound test: message 261
[INFO ] wraparound test: message 262
[INFO ] wraparound test: message 263
[INFO ] wraparound test: message 264
[INFO ] wraparound test: message 265
[INFO ] wraparound test: message 266
[INFO ] wraparound test: message 267
[INFO ] wraparound test: message 268
[INFO ] wraparound test: message 269
[INFO ] wraparound test: message 270
[INFO ] wraparound test: message 271
[INFO ] wraparound test: message 272
[INFO ] wraparound test: message 273
[INFO ] wraparound test: message 274
[INFO ] wraparound test: message 275
[INFO ] wraparound test: message 276
[INFO ] wraparound test: message 277
[INFO ] wraparound test: message 278
[INFO ] wraparound test: message 279
[INFO ] wraparound test: message 280
[INFO ] wraparound test: message 281
[INFO ] wraparound test: message 282
[INFO ] wraparound test: message 283
[INFO ] wraparound test: message 284
[INFO ] wraparound test: message 285
[INFO ] wraparound test: message 286
[INFO ] wraparound test: message 287
[INFO ] wraparound test: message 288
[INFO ] wraparound test: message 289
[INFO ] wraparound test: message 290
[INFO ] wraparound test: message 291
[INFO ] wraparound test: message 292
[INFO ] wraparound test: message 293
[INFO ] wraparound test: message 294
[INFO ] wraparound test: message 295
[INFO ] wraparound test: message 296
[INFO ] wraparound test: message 297
[INFO ] wraparound test: message 298
[INFO ] wraparound test: message 299
[INFO ] wraparound test: message 300
[INFO ] wraparound test: message 301
[INFO ] wraparound test: message 302
[INFO ] wraparound test: message 303
[INFO ] wraparound test: message 304
[INFO ] wraparound test: message 305
[INFO ] wraparound test: message 306
[INFO ] wraparound test: message 307
[INFO ] wraparound test: message 308
[INFO ] wraparound test: message 309
[INFO ] wraparound test: message 310
[INFO ] wraparound test: message 311
[INFO ] wraparound test: message 312
[INFO ] wraparound test: message 313
[INFO ] wraparound test: message 314
[INFO ] wraparound test: message 315
[INFO ] wraparound test: message 316
[INFO ] wraparound test: message 317
[INFO ] wraparound test: message 318
[INFO ] wraparound test: message 319
[INFO ] wraparound test: message 320
[INFO ] wraparound test: message 321
[INFO ] wraparound test: message 322
[INFO ] wraparound test: message 323
[INFO ] wraparound test: message 324
[INFO ] wraparound test: message 325
[INFO ] wraparound test: message 326
[INFO ] wraparound test: message 327
[INFO ] wraparound test: message 328
[INFO ] wraparound test: message 329
[INFO ] wraparound test: message 330
[INFO ] wraparound test: message 331
[INFO ] wraparound test: message 332
[INFO ] wraparound test: message 333
[INFO ] wraparound test: message 334
[INFO ] wraparound test: message 335
[INFO ] wraparound test: message 336
[INFO ] wraparound test: message 337
[INFO ] wraparound test: message 338
[INFO ] wraparound test: message 339
[INFO ] wraparound test: message 340
[INFO ] wraparound test: message 341
[INFO ] wraparound test: message 342
[INFO ] wraparound test: message 343
[INFO ] wraparound test: message 344
[INFO ] wraparound test: message 345
[INFO ] wraparound test: message 346
[INFO ] wraparound test: message 347
[INFO ] wraparound test: message 348
[INFO ] wraparound test: message 349
[INFO ] wraparound test: message 350
[INFO ] wraparound test: message 351
[INFO ] wraparound test: message 352
[INFO ] wraparound test: message 353
[INFO ] wraparound test: message 354
[INFO ] wraparound test: message 355
[INFO ] wraparound test: message 356
[INFO ] wraparound test: message 357
[INFO ] wraparound test: message 358
[INFO ] wraparound test: message 359
[INFO ] wraparound test: message 360
[INFO ] wraparound test: message 361
[INFO ] wraparound test: message 362
[INFO ] wraparound test: message 363
[INFO ] wraparound test: message 364
[INFO ] wraparound test: message 365
[INFO ] wraparound test: message 366
[INFO ] wraparound test: message 367
[INFO ] wraparound test: message 368
[INFO ] wraparound test: message 369
[INFO ] wraparound test: message 370
[INFO ] wraparound test: message 371
[INFO ] wraparound test: message 372
[INFO ] wraparound test: message 373
[INFO ] wraparound test: message 374
[INFO ] wraparound test: message 375
[INFO ] wraparound test: message 376
[INFO ] wraparound test: message 377
[INFO ] wraparound test: message 378
[INFO ] wraparound test: message 379
[INFO ] wraparound test: message 380
[INFO ] wraparound test: message 381
[INFO ] wraparound test: message 382
[INFO ] wraparound test: message 383
[INFO ] wraparound test: message 384
[INFO ] wraparound test: message 385
[INFO ] wraparound test: message 386
[INFO ] wraparound test: message 387
[INFO ] wraparound test: message 388
[INFO ] wraparound test: message 389
[INFO ] wraparound test: message 390
[INFO ] wraparound test: message 391
[INFO ] wraparound test: message 392
[INFO ] wraparound test: message 393
[INFO ] wraparound test: message 394
[INFO ] wraparound test: message 395
[INFO ] wraparound test: message 396
[INFO ] wraparound test: message 397
[INFO ] wraparound test: message 398
[INFO ] wraparound test: message 399
[INFO ] wraparound test: message 400
[INFO ] wraparound test: message 401
[INFO ] wraparound test: message 402
[INFO ] wraparound test: message 403
[INFO ] wraparound test: message 404
[INFO ] wraparound test: message 405
[INFO ] wraparound test: message 406
[INFO ] wraparound test: message 407
[INFO ] wraparound test: message 408
[INFO ] wraparound test: message 409
[INFO ] wraparound test: message 410
[INFO ] wraparound test: message 411
[INFO ] wraparound test: message 412
[INFO ] wraparound test: message 413
[INFO ] wraparound test: message 414
[INFO ] wraparound test: message 415
[INFO ] wraparound test: message 416
[INFO ] wraparound test: message 417
[INFO ] wraparound test: message 418
[INFO ] wraparound test: message 419
[INFO ] wraparound test: message 420
[INFO ] wraparound test: message 421
[INFO ] wraparound test: message 422
[INFO ] wraparound test: message 423
[INFO ] wraparound test: message 424
[INFO ] wraparound test: message 425
[INFO ] wraparound test: message 426
[INFO ] wraparound test: message 427
[INFO ] wraparound test: message 428
[INFO ] wraparound test: message 429
[INFO ] wraparound test: message 430
[INFO ] wraparound test: message 431
[INFO ] wraparound test: message 432
[INFO ] wraparound test: message 433
[INFO ] wraparound test: message 434
[INFO ] wraparound test: message 435
[INFO ] wraparound test: message 436
[INFO ] wraparound test: message 437
[INFO ] wraparound test: message 438
[INFO ] wraparound test: message 439
[INFO ] wraparound test: message 440
[INFO ] wraparound test: message 441
[INFO ] wraparound test: message 442
[INFO ] wraparound test: message 443
[INFO ] wraparound test: message 444
[INFO ] wraparound test: message 445
[INFO ] wraparound test: message 446
[INFO ] wraparound test: message 447
[INFO ] wraparound test: message 448
[INFO ] wraparound test: message 449
[INFO ] wraparound test: message 450
[INFO ] wraparound test: message 451
[INFO ] wraparound test: message 452
[INFO ] wraparound test: message 453
[INFO ] wraparound test: message 454
[INFO ] wraparound test: message 455
[INFO ] wraparound test: message 456
[INFO ] wraparound test: message 457
[INFO ] wraparound test: message 458
[INFO ] wraparound test: message 459
[INFO ] wraparound test: message 460
[INFO ] wraparound test: message 461
[INFO ] wraparound test: message 462
[INFO ] wraparound test: message 463
[INFO ] wraparound test: message 464
[INFO ] wraparound test: message 465
[INFO ] wraparound test: message 466
[INFO ] wraparound test: message 467
[INFO ] wraparound test: message 468
[INFO ] wraparound test: message 469
[INFO ] wraparound test: message 470
[INFO ] wraparound test: message 471
[INFO ] wraparound test: message 472
[INFO ] wraparound test: message 473
[INFO ] wraparound test: message 474
[INFO ] wraparound test: message 475
[INFO ] wraparound test: message 476
[INFO ] wraparound test: message 477
[INFO ] wraparound test: message 478
[INFO ] wraparound test: message 479
[INFO ] wraparound test: message 480
[INFO ] wraparound test: message 481
[INFO ] wraparound test: message 482
[INFO ] wraparound test: message 483
[INFO ] wraparound test: message 484
[INFO ] wraparound test: message 485
[INFO ] wraparound test: message 486
[INFO ] wraparound test: message 487
[INFO ] wraparound test: message 488
[INFO ] wraparound test: message 489
[INFO ] wraparound test: message 490
[INFO ] wraparound test: message 491
[INFO ] wraparound test: message 492
[INFO ] wraparound test: message 493
[INFO ] wraparound test: message 494
[INFO ] wraparound test: message 495
[INFO ] wraparound test: message 496
[INFO ] wraparound test: message 497
[INFO ] wraparound test: message 498
[INFO ] wraparound test: message 499
[INFO ] wraparound test: message 500
[INFO ] wraparound test: message 501
[INFO ] wraparound test: message 502
[INFO ] wraparound test: message 503
[INFO ] wraparound test: message 504
[INFO ] wraparound test: message 505
[INFO ] wraparound test: message 506
[INFO ] wraparound test: message 507
[INFO ] wraparound test: message 508
[INFO ] wraparound test: message 509
[INFO ] wraparound test: message 510
[INFO ] wraparound test: message 511
[INFO ] wraparound test: message 512
[INFO ] wraparound test: message 513
[INFO ] wraparound test: message 514
[INFO ] wraparound test: message 515
[INFO ] wraparound test: message 516
[INFO ] wraparound test: message 517
[INFO ] wraparound test: message 518
[INFO ] wraparound test: message 519
[INFO ] wraparound test: message 520
[INFO ] wraparound test: message 521
[INFO ] wraparound test: message 522
[INFO ] wraparound test: message 523
[INFO ] wraparound test: message 524
[INFO ] wraparound test: message 525
[INFO ] wraparound test: message 526
[INFO ] wraparound test: message 527
[INFO ] wraparound test: message 528
[INFO ] wraparound test: message 529
[INFO ] wraparound test: message 530
[INFO ] wraparound test: message 531
[INFO ] wraparound test: message 532
[INFO ] wraparound test: message 533
[INFO ] wraparound test: message 534
[INFO ] wraparound test: message 535
[INFO ] wraparound test: message 536
[INFO ] wraparound test: message 537
[INFO ] wraparound test: message 538
[INFO ] wraparound test: message 539
[INFO ] wraparound test: message 540
[INFO ] wraparound test: message 541
[INFO ] wraparound test: message 542
[INFO ] wraparound test: message 543
[INFO ] wraparound test: message 544
[INFO ] wraparound test: message 545
[INFO ] wraparound test: message 546
[INFO ] wraparound test: message 547
[INFO ] wraparound test: message 548
[INFO ] wraparound test: message 549
[INFO ] wraparound test: message 550
[INFO ] wraparound test: message 551
[INFO ] wraparound test: message 552
[INFO ] wraparound test: message 553
[INFO ] wraparound test: message 554
[INFO ] wraparound test: message 555
[INFO ] wraparound test: message 556
[INFO ] wraparound test: message 557
[INFO ] wraparound test: message 558
[INFO ] wraparound test: message 559
[INFO ] wraparound test: message 560
[INFO ] wraparound test: message 561
[INFO ] wraparound test: message 562
[INFO ] wraparound test: message 563
[INFO ] wraparound test: message 564
[INFO ] wraparound test: message 565
[INFO ] wraparound test: message 566
[INFO ] wraparound test: message 567
[INFO ] wraparound test: message 568
[INFO ] wraparound test: message 569
[INFO ] wraparound test: message 570
[INFO ] wraparound test: message 571
[INFO ] wraparound test: message 572
[INFO ] wraparound test: message 573
[INFO ] wraparound test: message 574
[INFO ] wraparound test: message 575
[INFO ] wraparound test: message 576
[INFO ] wraparound test: message 577
[INFO ] wraparound test: message 578
[INFO ] wraparound test: message 579
[INFO ] wraparound test: message 580
[INFO ] wraparound test: message 581
[INFO ] wraparound test: message 582
[INFO ] wraparound test: message 583
[INFO ] wraparound test: message 584
[INFO ] wraparound test: message 585
[INFO ] wraparound test: message 586
[INFO ] wraparound test: message 587
[INFO ] wraparound test: message 588
[INFO ] wraparound test: message 589
[INFO ] wraparound test: message 590
[INFO ] wraparound test: message 591
[INFO ] wraparound test: message 592
[INFO ] wraparound test: message 593
[INFO ] wraparound test: message 594
[INFO ] wraparound test: message 595
[INFO ] wraparound test: message 596
[INFO ] wraparound test: message 597
[INFO ] wraparound test: message 598
[INFO ] wraparound test: message 599
[INFO ] wraparound test: message 600
[INFO ] wraparound test: message 601
[INFO ] wraparound test: message 602
[INFO ] wraparound test: message 603
[INFO ] wraparound test: message 604
[INFO ] wraparound test: message 605
[INFO ] wraparound test: message 606
[INFO ] wraparound test: message 607
[INFO ] wraparound test: message 608
[INFO ] wraparound test: message 609
[INFO ] wraparound test: message 610
[INFO ] wraparound test: message 611
[INFO ] wraparound test: message 612
[INFO ] wraparound test: message 613
[INFO ] wraparound test: message 614
[INFO ] wraparound test: message 615
[INFO ] wraparound test: message 616
[INFO ] wraparound test: message 617
[INFO ] wraparound test: message 618
[INFO ] wraparound test: message 619
[INFO ] wraparound test: message 620
[INFO ] wraparound test: message 621
[INFO ] wraparound test: message 622
[INFO ] wraparound test: message 623
[INFO ] wraparound test: message 624
[INFO ] wraparound test: message 625
[INFO ] wraparound test: message 626
[INFO ] wraparound test: message 627
[INFO ] wraparound test: message 628
[INFO ] wraparound test: message 629
[INFO ] wraparound test: message 630
[INFO ] wraparound test: message 631
[INFO ] wraparound test: message 632
[INFO ] wraparound test: message 633
[INFO ] wraparound test: message 634
[INFO ] wraparound test: message 635
[INFO ] wraparound test: message 636
[INFO ] wraparound test: message 637
[INFO ] wraparound test: message 638
[INFO ] wraparound test: message 639
[INFO ] wraparound test: message 640
[INFO ] wraparound test: message 641
[INFO ] wraparound test: message 642
[INFO ] wraparound test: message 643
[INFO ] wraparound test: message 644
[INFO ] wraparound test: message 645
[INFO ] wraparound test: message 646
[INFO ] wraparound test: message 647
[INFO ] wraparound test: message 648
[INFO ] wraparound test: message 649
[INFO ] wraparound test: message 650
[INFO ] wraparound test: message 651
[INFO ] wraparound test: message 652
[INFO ] wraparound test: message 653
[INFO ] wraparound test: message 654
[INFO ] wraparound test: message 655
[INFO ] wraparound test: message 656
[INFO ] wraparound test: message 657
[INFO ] wraparound test: message 658
[INFO ] wraparound test: message 659
[INFO ] wraparound test: message 660
[INFO ] wraparound test: message 661
[INFO ] wraparound test: message 662
[INFO ] wraparound test: message 663
[INFO ] wraparound test: message 664
[INFO ] wraparound test: message 665
[INFO ] wraparound test: message 666
[INFO ] wraparound test: message 667
[INFO ] wraparound test: message 668
[INFO ] wraparound test: message 669
[INFO ] wraparound test: message 670
[INFO ] wraparound test: message 671
[INFO ] wraparound test: message 672
[INFO ] wraparound test: message 673
[INFO ] wraparound test: message 674
[INFO ] wraparound test: message 675
[INFO ] wraparound test: message 676
[INFO ] wraparound test: message 677
[INFO ] wraparound test: message 678
[INFO ] wraparound test: message 679
[INFO ] wraparound test: message 680
[INFO ] wraparound test: message 681
[INFO ] wraparound test: message 682
[INFO ] wraparound test: message 683
[INFO ] wraparound test: message 684
[INFO ] wraparound test: message 685
[INFO ] wraparound test: message 686
[INFO ] wraparound test: message 687
[INFO ] wraparound test: message 688
[INFO ] wraparound test: message 689
[INFO ] wraparound test: message 690
[INFO ] wraparound test: message 691
[INFO ] wraparound test: message 692
[INFO ] wraparound test: message 693
[INFO ] wraparound test: message 694
[INFO ] wraparound test: message 695
[INFO ] wraparound test: message 696
[INFO ] wraparound test: message 697
[INFO ] wraparound test: message 698
[INFO ] wraparound test: message 699
[INFO ] wraparound test: message 700
[INFO ] wraparound test: message 701
[INFO ] wraparound test: message 702
[INFO ] wraparound test: message 703
[INFO ] wraparound test: message 704
[INFO ] wraparound test: message 705
[INFO ] wraparound test: message 706
[INFO ] wraparound test: message 707
[INFO ] wraparound test: message 708
[INFO ] wraparound test: message 709
[INFO ] wraparound test: message 710
[INFO ] wraparound test: message 711
[INFO ] wraparound test: message 712
[INFO ] wraparound test: message 713
[INFO ] wraparound test: message 714
[INFO ] wraparound test: message 715
[INFO ] wraparound test: message 716
[INFO ] wraparound test: message 717
[INFO ] wraparound test: message 718
[INFO ] wraparound test: message 719
[INFO ] wraparound test: message 720
[INFO ] wraparound test: message 721
[INFO ] wraparound test: message 722
[INFO ] wraparound test: message 723
[INFO ] wraparound test: message 724
[INFO ] wraparound test: message 725
[INFO ] wraparound test: message 726
[INFO ] wraparound test: message 727
[INFO ] wraparound test: message 728
[INFO ] wraparound test: message 729
[INFO ] wraparound test: message 730
[INFO ] wraparound test: message 731
[INFO ] wraparound test: message 732
[INFO ] wraparound test: message 733
[INFO ] wraparound test: message 734
[INFO ] wraparound test: message 735
[INFO ] wraparound test: message 736
[INFO ] wraparound test: message 737
[INFO ] wraparound test: message 738
[INFO ] wraparound test: message 739
[INFO ] wraparound test: message 740
[INFO ] wraparound test: message 741
[INFO ] wraparound test: message 742
[INFO ] wraparound test: message 743
[INFO ] wraparound test: message 744
[INFO ] wraparound test: message 745
[INFO ] wraparound test: message 746
[INFO ] wraparound test: message 747
[INFO ] wraparound test: message 748
[INFO ] wraparound test: message 749
[INFO ] wraparound test: message 750
[INFO ] wraparound test: message 751
[INFO ] wraparound test: message 752
[INFO ] wraparound test: message 753
[INFO ] wraparound test: message 754
[INFO ] wraparound test: message 755
[INFO ] wraparound test: message 756
[INFO ] wraparound test: message 757
[INFO ] wraparound test: message 758
[INFO ] wraparound test: message 759
[INFO ] wraparound test: message 760
[INFO ] wraparound test: message 761
[INFO ] wraparound test: message 762
[INFO ] wraparound test: message 763
[INFO ] wraparound test: message 764
[INFO ] wraparound test: message 765
[INFO ] wraparound test: message 766
[INFO ] wraparound test: message 767
[INFO ] wraparound test: message 768
[INFO ] wraparound test: message 769
[INFO ] wraparound test: message 770
[INFO ] wraparound test: message 771
[INFO ] wraparound test: message 772
[INFO ] wraparound test: message 773
[INFO ] wraparound test: message 774
[INFO ] wraparound test: message 775
[INFO ] wraparound test: message 776
[INFO ] wraparound test: message 777
[INFO ] wraparound test: message 778
[INFO ] wraparound test: message 779
[INFO ] wraparound test: message 780
[INFO ] wraparound test: message 781
[INFO ] wraparound test: message 782
[INFO ] wraparound test: message 783
[INFO ] wraparound test: message 784
[INFO ] wraparound test: message 785
[INFO ] wraparound test: message 786
[INFO ] wraparound test: message 787
[INFO ] wraparound test: message 788
[INFO ] wraparound test: message 789
[INFO ] wraparound test: message 790
[INFO ] wraparound test: message 791
[INFO ] wraparound test: message 792
[INFO ] wraparound test: message 793
[INFO ] wraparound test: message 794
[INFO ] wraparound test: message 795
[INFO ] wraparound test: message 796
[INFO ] wraparound test: message 797
[INFO ] wraparound test: message 798
[INFO ] wraparound test: message 799
[INFO ] wraparound test: message 800
[INFO ] wraparound test: message 801
[INFO ] wraparound test: message 802
[INFO ] wraparound test: message 803
[INFO ] wraparound test: message 804
[INFO ] wraparound test: message 805
[INFO ] wraparound test: message 806
[INFO ] wraparound test: message 807
[INFO ] wraparound test: message 808
[INFO ] wraparound test: message 809
[INFO ] wraparound test: message 810
[INFO ] wraparound test: message 811
[INFO ] wraparound test: message 812
[INFO ] wraparound test: message 813
[INFO ] wraparound test: message 814
[INFO ] wraparound test: message 815
[INFO ] wraparound test: message 816
[INFO ] wraparound test: message 817
[INFO ] wraparound test: message 818
[INFO ] wraparound test: message 819
[INFO ] wraparound test: message 820
[INFO ] wraparound test: message 821
[INFO ] wraparound test: message 822
[INFO ] wraparound test: message 823
[INFO ] wraparound test: message 824
[INFO ] wraparound test: message 825
[INFO ] wraparound test: message 826
[INFO ] wraparound test: message 827
[INFO ] wraparound test: message 828
[INFO ] wraparound test: message 829
[INFO ] wraparound test: message 830
[INFO ] wraparound test: message 831
[INFO ] wraparound test: message 832
[INFO ] wraparound test: message 833
[INFO ] wraparound test: message 834
[INFO ] wraparound test: message 835
[INFO ] wraparound test: message 836
[INFO ] wraparound test: message 837
[INFO ] wraparound test: message 838
[INFO ] wraparound test: message 839
[INFO ] wraparound test: message 840
[INFO ] wraparound test: message 841
[INFO ] wraparound test: message 842
[INFO ] wraparound test: message 843
[INFO ] wraparound test: message 844
[INFO ] wraparound test: message 845
[INFO ] wraparound test: message 846
[INFO ] wraparound test: message 847
[INFO ] wraparound test: message 848
[INFO ] wraparound test: message 849
[INFO ] wraparound test: message 850
[INFO ] wraparound test: message 851
[INFO ] wraparound test: message 852
[INFO ] wraparound test: message 853
[INFO ] wraparound test: message 854
[INFO ] wraparound test: message 855
[INFO ] wraparound test: message 856
[INFO ] wraparound test: message 857
[INFO ] wraparound test: message 858
[INFO ] wraparound test: message 859
[INFO ] wraparound test: message 860
[INFO ] wraparound test: message 861
[INFO ] wraparound test: message 862
[INFO ] wraparound test: message 863
[INFO ] wraparound test: message 864
[INFO ] wraparound test: message 865
[INFO ] wraparound test: message 866
[INFO ] wraparound test: message 867
[INFO ] wraparound test: message 868
[INFO ] wraparound test: message 869
[INFO ] wraparound test: message 870
[INFO ] wraparound test: message 871
[INFO ] wraparound test: message 872
[INFO ] wraparound test: message 873
[INFO ] wraparound test: message 874
[INFO ] wraparound test: message 875
[INFO ] wraparound test: message 876
[INFO ] wraparound test: message 877
[INFO ] wraparound test: message 878
[INFO ] wraparound test: message 879
[INFO ] wraparound test: message 880
[INFO ] wraparound test: message 881
[INFO ] wraparound test: message 882
[INFO ] wraparound test: message 883
[INFO ] wraparound test: message 884
[INFO ] wraparound test: message 885
[INFO ] wraparound test: message 886
[INFO ] wraparound test: message 887
[INFO ] wraparound test: message 888
[INFO ] wraparound test: message 889
[INFO ] wraparound test: message 890
[INFO ] wraparound test: message 891
[INFO ] wraparound test: message 892
[INFO ] wraparound test: message 893
[INFO ] wraparound test: message 894
[INFO ] wraparound test: message 895
[INFO ] wraparound test: message 896
[INFO ] wraparound test: message 897
[INFO ] wraparound test: message 898
[INFO ] wraparound test: message 899
[INFO ] wraparound test: message 900
[INFO ] wraparound test: message 901
[INFO ] wraparound test: message 902
[INFO ] wraparound test: message 903
[INFO ] wraparound test: message 904
[INFO ] wraparound test: message 905
[INFO ] wraparound test: message 906
[INFO ] wraparound test: message 907
[INFO ] wraparound test: message 908
[INFO ] wraparound test: message 909
[INFO ] wraparound test: message 910
[INFO ] wraparound test: message 911
[INFO ] wraparound test: message 912
[INFO ] wraparound test: message 913
[INFO ] wraparound test: message 914
[INFO ] wraparound test: message 915
[INFO ] wraparound test: message 916
[INFO ] wraparound test: message 917
[INFO ] wraparound test: message 918
[INFO ] wraparound test: message 919
[INFO ] wraparound test: message 920
[INFO ] wraparound test: message 921
[INFO ] wraparound test: message 922
[INFO ] wraparound test: message 923
[INFO ] wraparound test: message 924
[INFO ] wraparound test: message 925
[INFO ] wraparound test: message 926
[INFO ] wraparound test: message 927
[INFO ] wraparound test: message 928
[INFO ] wraparound test: message 929
[INFO ] wraparound test: message 930
[INFO ] wraparound test: message 931
[INFO ] wraparound test: message 932
[INFO ] wraparound test: message 933
[INFO ] wraparound test: message 934
[INFO ] wraparound test: message 935
[INFO ] wraparound test: message 936
[INFO ] wraparound test: message 937
[INFO ] wraparound test: message 938
[INFO ] wraparound test: message 939
[INFO ] wraparound test: message 940
[INFO ] wraparound test: message 941
[INFO ] wraparound test: message 942
[INFO ] wraparound test: message 943
[INFO ] wraparound test: message 944
[INFO ] wraparound test: message 945
[INFO ] wraparound test: message 946
[INFO ] wraparound test: message 947
[INFO ] wraparound test: message 948
[INFO ] wraparound test: message 949
[INFO ] wraparound test: message 950
[INFO ] wraparound test: message 951
[INFO ] wraparound test: message 952
[INFO ] wraparound test: message 953
[INFO ] wraparound test: message 954
[INFO ] wraparound test: message 955
[INFO ] wraparound test: message 956
[INFO ] wraparound test: message 957
[INFO ] wraparound test: message 958
[INFO ] wraparound test: message 959
[INFO ] wraparound test: message 960
[INFO ] wraparound test: message 961
[INFO ] wraparound test: message 962
[INFO ] wraparound test: message 963
[INFO ] wraparound test: message 964
[INFO ] wraparound test: message 965
[INFO ] wraparound test: message 966
[INFO ] wraparound test: message 967
[INFO ] wraparound test: message 968
[INFO ] wraparound test: message 969
[INFO ] wraparound test: message 970
[INFO ] wraparound test: message 971
[INFO ] wraparound test: message 972
[INFO ] wraparound test: message 973
[INFO ] wraparound test: message 974
[INFO ] wraparound test: message 975
[INFO ] wraparound test: message 976
[INFO ] wraparound test: message 977
[INFO ] wraparound test: message 978
[INFO ] wraparound test: message 979
[INFO ] wraparound test: message 980
[INFO ] wraparound test: message 981
[INFO ] wraparound test: message 982
[INFO ] wraparound test: message 983
[INFO ] wraparound test: message 984
[INFO ] wraparound test: message 985
[INFO ] wraparound test: message 986
[INFO ] wraparound test: message 987
[INFO ] wraparound test: message 988
[INFO ] wraparound test: message 989
[INFO ] wraparound test: message 990
[INFO ] wraparound test: message 991
[INFO ] wraparound test: message 992
[INFO ] wraparound test: message 993
[INFO ] wraparound test: message 994
[INFO ] wraparound test: message 995
[INFO ] wraparound test: message 996
[INFO ] wraparound test: message 997
[INFO ] wraparound test: message 998
[INFO ] wraparound test: message 999
